LABEL VERSION 4.0c ONCE THROUGH

PUT file:///c:\jmol-dev\workspace\jmol-bob200603\script_documentation\*.* ...
...TO ftp://hansonr@webdrive.stolaf.edu/apps/jmol/docs/*.* ...
...OPTIONS  b R N
PUT file:///c:\jmol-dev\workspace\jmol-bob200603\script_documentation\img\*.* ...
...TO ftp://hansonr@webdrive.stolaf.edu/apps/jmol/docs/img/*.* ...
...OPTIONS  b R N
PUT file:///c:\jmol-dev\workspace\jmol-bob200603\script_documentation\misc\*.* ...
...TO ftp://hansonr@webdrive.stolaf.edu/apps/jmol/docs/misc/*.* ...
...OPTIONS  b R N
PUT file:///c:\jmol-dev\workspace\jmol-bob200603\script_documentation\examples ...
...TO ftp://hansonr@webdrive.stolaf.edu/apps/jmol/docs/examples/*.* ...
...OPTIONS  b R N
PUT file:///c:\jmol-dev\workspace\jmol-bob200603\script_documentation\examples-11 ...
...TO ftp://hansonr@webdrive.stolaf.edu/apps/jmol/docs/examples-11/*.* ...
...OPTIONS  b R N
PUT file:///c:\jmol-dev\workspace\jmol-bob200603\script_documentation\examples-11\img\*.* ...
...TO ftp://hansonr@webdrive.stolaf.edu/apps/jmol/docs/examples-11/img/*.* ...
...OPTIONS  b R N
PUT file:///c:\jmol-dev\workspace\jmol-bob200603\script_documentation\examples-11\data\*.* ...
...TO ftp://hansonr@webdrive.stolaf.edu/apps/jmol/docs/examples-11/data/*.* ...
...OPTIONS  b R N

VARIABLES: %%day%%=_''_Sun_''_ %%date%%=_''_07/30/2006_''_ %%time%%=_''_16:01_''_ 
